[    0.000000] Linux vrsion 4.15.0-106-generic (buildd@lcy01-amd64-06) (gcc version 7.5.0 (Ubuntu 7.5.0-3ubuntu1~18.04)) #107-Ubuntu P hu Jun 4 11:27:52 UTC 2020 (Ubuntu 4.15.0-106.107-generic.1.18)
[    0.000000] Command line: BOOT_IMAGE=/boot/vmlinuz-4.15.0-106-generic root=LABEL=cloudimg-rootfs ro console=tty1 console=ttyS0
[     0.000000] KERNEL supported cpus:
[    0.000000]   Intel GenuineIntel
[    0.000000]   AMD AuthenticAMD
[    0.000000]   Centaur CentaurHauls
[    0.000000] x86/fpu: Supporting XSAVE feature 0x001: 'x87 floating point registers'
[    0.000000] x86/fpu: Supporting XSAVE feature 0x002: 'SSE registers'
[    0.000000] x86/fpu: Supporting XSAVE feature 0x004: 'AVX registers'
[    0.000000] x86/fpu: xstate_offset[2]:  576, xstate_sizes[2]:  256
[    0.000000] x86/fpu: Enabled xstate features 0x7, context size is 832 bytes, using 'standard' format.
[    0.000000] e820: BIOS-provided physical RAM map:
[    0.000000] BIOS-e820: [mem 0x0000000000000000-0x000000000009fbff] usable
[    0.000000] BIOS-e820: [mem 0x000000000009fc00-0x000000000009ffff] reserved
[    0.000000] BIOS-e820: [mem 0x00000000000f0000-0x00000000000fffff] reserved
[    0.000000] BIOS-e820: [mem 0x0000000000100000-0x00000000dffeffff] usable
[    0.000000] BIOS-e820: [mem 0x00000000dfff0000-0x00000000dfffffff] ACPI data
[    0.000000] BIOS-e820: [mem 0x00000000fec00000-0x00000000fec00fff] reserved
[    0.000000] BIOS-e820: [mem 0x00000000fee00000-0x00000000fee00fff] reserved
[    0.000000] BIOS-e820: [mem 0x00000000fffc0000-0x00000000ffffffff] reserved
[    0.000000] BIOS-e820: [mem 0x0000000100000000-0x000000019fffffff] usable
[    0.000000] NX (Execute Disable) protection: active
[    0.000000] SMBIOS 2.5 present.
[    0.000000] DMI: innotek GmbH VirtualBox/VirtualBox, BIOS VirtualBox 12/01/2006
[    0.000000] Hypervisor detected: KVM
[    0.000000] e820: last_pfn = 0x1a0000 max_arch_pfn = 0x400000000
[    0.000000] MTRR: Disabled
[    0.000000] x86/PAT: MTRRs disabled, skipping PAT initialization too.
[    0.000000] CPU MTRRs all blank - virtualized system.
[    0.000000] x86/PAT: Configuration [0-7]: WB  WT  UC- UC  WB  WT  UC- UC  
[    0.000000] e820: last_pfn = 0xdfff0 max_arch_pfn = 0x400000000
[    0.000000] found SMP MP-table at [mem 0x0009fff0-0x0009ffff]
[    0.000000] Scanning 1 areas for low memory corruption
[    0.000000] RAMDISK: [mem 0x35a6b000-0x36d2cfff]
[    0.000000] ACPI: Early table checksum verification disabled
[    0.000000] ACPI: RSDP 0x00000000000E0000 000024 (v02 VBOX  )
[    0.000000] ACPI: XSDT 0x00000000DFFF0030 00003C (v01 VBOX   VBOXXSDT 00000001 ASL  00000061)
[    0.000000] ACPI: FACP 0x00000000DFFF00F0 0000F4 (v04 VBOX   VBOXFACP 00000001 ASL  00000061)
[    0.000000] ACPI: DSDT 0x00000000DFFF0470 0021FF (v02 VBOX   VBOXBIOS 00000002 INTL 20180105)
[    0.000000] ACPI: FACS 0x00000000DFFF0200 000040
[    0.000000] ACPI: FACS 0x00000000DFFF0200 000040
[    0.000000] ACPI: APIC 0x00000000DFFF0240 00005C (v02 VBOX   VBOXAPIC 00000001 ASL  00000061)
[    0.000000] ACPI: SSDT 0x00000000DFFF02A0 0001CC (v01 VBOX   VBOXCPUT 00000002 INTL 20180105)
[    0.000000] No NUMA configuration found
[    0.000000] Faking a node at [mem 0x0000000000000000-0x000000019fffffff]
[    0.000000] NODE_DATA(0) allocated [mem 0x19ffd1000-0x19fffbfff]
[    0.000000] kvm-clock: cpu 0, msr 1:9ff50001, primary cpu clock
[    0.000000] kvm-clock: Using msrs 4b564d01 and 4b564d00
[    0.000000] kvm-clock: using sched offset of 3445100090 cycles
[    0.000000] clocksource: kvm-clock: mask: 0xffffffffffffffff max_cycles: 0x1cd42e4dffb, max_idle_ns: 881590591483 ns
[    0.000000] Zone ranges:
[    0.000000]   DMA      [mem 0x0000000000001000-0x0000000000ffffff]
[    0.000000]   DMA32    [mem 0x0000000001000000-0x00000000ffffffff]
[    0.000000]   Normal   [mem 0x0000000100000000-0x000000019fffffff]
[    0.000000]   Device   empty
[    0.000000] Movable zone start for each node
[    0.000000] Early memory node ranges
[    0.000000]   node   0: [mem 0x0000000000001000-0x000000000009efff]
[    0.000000]   node   0: [mem 0x0000000000100000-0x00000000dffeffff]
[    0.000000]   node   0: [mem 0x0000000100000000-0x000000019fffffff]
[    0.000000] Reserved but unavailable: 98 pages
[    0.000000] Initmem setup node 0 [mem 0x0000000000001000-0x000000019fffffff]
[    0.000000] ACPI: PM-Timer IO Port: 0x4008
[    0.000000] IOAPIC[0]: apic_id 2, version 32, address 0xfec00000, GSI 0-23
[    0.000000] ACPI: INT_SRC_OVR (bus 0 bus_irq 0 global_irq 2 dfl dfl)
[    0.000000] ACPI: INT_SRC_OVR (bus 0 bus_irq 9 global_irq 9 low level)
[    0.000000] Using ACPI (MADT) for SMP configuration information
[    0.000000] smpboot: Allowing 2 CPUs, 0 hotplug CPUs
[    0.000000] PM: Registered nosave memory: [mem 0x00000000-0x00000fff]
[    0.000000] PM: Registered nosave memory: [mem 0x0009f000-0x0009ffff]
[    0.000000] PM: Registered nosave memory: [mem 0x000a0000-0x000effff]
[    0.000000] PM: Registered nosave memory: [mem 0x000f0000-0x000fffff]
[    0.000000] PM: Registered nosave memory: [mem 0xdfff0000-0xdfffffff]
[    0.000000] PM: Registered nosave memory: [mem 0xe0000000-0xfebfffff]
[    0.000000] PM: Registered nosave memory: [mem 0xfec00000-0xfec00fff]
[    0.000000] PM: Registered nosave memory: [mem 0xfec01000-0xfedfffff]
[    0.000000] PM: Registered nosave memory: [mem 0xfee00000-0xfee00fff]
[    0.000000] PM: Registered nosave memory: [mem 0xfee01000-0xfffbffff]
[    0.000000] PM: Registered nosave memory: [mem 0xfffc0000-0xffffffff]
[    0.000000] e820: [mem 0xe0000000-0xfebfffff] available for PCI devices
[    0.000000] Booting paravirtualized kernel on KVM
[    0.000000] clocksource: refined-jiffies: mask: 0xffffffff max_cycles: 0xffffffff, max_idle_ns: 7645519600211568 ns
[    0.000000] random: get_random_bytes called from start_kernel+0x99/0x4fd with crng_init=0
[    0.000000] setup_percpu: NR_CPUS:8192 nr_cpumask_bits:2 nr_cpu_ids:2 nr_node_ids:1
[    0.000000] percpu: Embedded 45 pages/cpu s147456 r8192 d28672 u1048576
[    0.000000] PV qspinlock hash table entries: 256 (order: 0, 4096 bytes)
[    0.000000] Built 1 zonelists, mobility grouping on.  Total pages: 1548153
[    0.000000] Policy zone: Normal
[    0.000000] Kernel command line: BOOT_IMAGE=/boot/vmlinuz-4.15.0-106-generic root=LABEL=cloudimg-rootfs ro console=tty1 console=ttyS0
[    0.000000] Memory: 6078036K/6291000K available (12300K kernel code, 2481K rwdata, 4272K rodata, 2436K init, 2720K bss, 212964K reserved, 0K cma-reserved)
[    0.000000] SLUB: HWalign=64, Order=0-3, MinObjects=0, CPUs=2, Nodes=1
[    0.000000] Kernel/User page tables isolation: enabled
[    0.000000] ftrace: allocating 39378 entries in 154 pages
[    0.004000] Hierarchical RCU implementation.
[    0.004000] 	RCU restricting CPUs from NR_CPUS=8192 to nr_cpu_ids=2.
[    0.004000] 	Tasks RCU enabled.
[    0.004000] RCU: Adjusting geometry for rcu_fanout_leaf=16, nr_cpu_ids=2
[    0.004000] NR_IRQS: 524544, nr_irqs: 440, preallocated irqs: 16
[    0.004000] Console: colour VGA+ 80x25
[    0.004000] console [tty1] enabled
[    0.004000] console [ttyS0] enabled
[    0.004000] ACPI: Core revision 20170831
[    0.004000] ACPI: 2 ACPI AML tables successfully acquired and loaded
[    0.004000] APIC: Switch to symmetric I/O mode setup
[    0.004000] x2apic enabled
[    0.004000] Switched APIC routing to physical x2apic.
[    0.004000] ..TIMER: vector=0x30 apic1=0 pin1=2 apic2=-1 pin2=-1
[    0.004000] tsc: Detected 2111.996 MHz processor
[    0.004009] Calibrating delay loop (skipped) preset value.. 4223.99 BogoMIPS (lpj=8447984)
[    0.005065] pid_max: default: 32768 minimum: 301
[    0.005689] Security Framework initialized
[    0.006234] Yama: becoming mindful.
[    0.006730] AppArmor: AppArmor initialized
[    0.009492] Dentry cache hash table entries: 1048576 (order: 11, 8388608 bytes)
[    0.012160] Inode-cache hash table entries: 524288 (order: 10, 4194304 bytes)
[    0.013179] Mount-cache hash table entries: 16384 (order: 5, 131072 bytes)
[    0.014074] Mountpoint-cache hash table entris: 16384 (order: 5, 131072 bytes)
[    0.016254] Last level iTLB entries: 4KB 64, 2MB 8, 4MB 8
[    0.020002] Last level dTLB entries: 4KB 64, 2MB 0, 4MB 0, 1GB 4
[    0.020786] Spectre V1 : Mitigation: usercopy/swapgs barriers and __user pointer sanitization
[    0.021900] Spectre V2 : Mitigation: Full generic retpoline
[    0.024002] Spectre V2 : Spectre v2 / SpectreRSB mitigation: Filling RSB on context switch
[    0.028007] Speculative Store Bypass: Vulnerable
[    0.028686] SRBDS: Unknown: Dependent on hypervisor status
[    0.029413] MDS: Mitigation: Clear CPU buffers
[    0.030186] Freeing SMP alternatives memory: 36K
[    0.141399] smpboot: CPU0: Intel(R) Core(TM) i5-10210U CPU @ 1.60GHz (family: 0x6, model: 0x8e, stepping: 0xc)
[    0.144085] Performance Events: unsupported p6 CPU model 142 no PMU driver, software events only.
[    0.145293] Hierarchical SRCU implementation.
[    0.146435] NMI watchdog: Perf event create on CPU 0 failed with -2
[    0.148002] NMI watchdog: Perf NMI watchdog permanently disabled
[    0.149346] smp: Bringing up secondary CPUs ...
[    0.150055] x86: Booting SMP configuration:
[    0.150637] .... node  #0, CPUs:      #1
[    0.004000] kvm-clock: cpu 1, msr 1:9ff50041, secondary cpu clock
[    0.154436] smp: Brought up 1 node, 2 CPUs
[    0.154436] smpboot: Max logical packages: 1
[    0.154436] smpboot: Total of 2 processors activated (8447.98 BogoMIPS)
[    0.156241] devtmpfs: initialized
[    0.156530] x86/mm: Memory block size: 128MB
[    0.157513] evm: security.selinux
[    0.157998] evm: security.SMACK64
[    0.158476] evm: security.SMACK64EXEC
[    0.158998] evm: security.SMACK64TRANSMUTE
[    0.160003] evm: security.SMACK64MMAP
[    0.160522] evm: security.apparmor
[    0.161015] evm: security.ima
[    0.161460] evm: security.capability
[    0.162000] clocksource: jiffies: mask: 0xffffffff max_cycles: 0xffffffff, max_idle_ns: 7645041785100000 ns
[    0.162000] futex hash table entries: 512 (order: 3, 32768 bytes)
[    0.164053] pinctrl core: initialized pinctrl subsystem
[    0.164843] RTC time: 22:44:44, date: 06/16/20
[    0.165635] NET: Registered protocol family 16
[    0.166301] audit: initializing netlink subsys (disabled)
[    0.168007] audit: type=2000 audit(1592347489.044:1): state=initialized audit_enabled=0 res=1
[    0.169120] cpuidle: using governor ladder
[    0.169120] cpuidle: using governor menu
[    0.169138] ACPI: bus type PCI registered
[    0.169717] acpiphp: ACPI Hot Plug PCI Controller Driver version: 0.5
[    0.170632] PCI: Using configuration type 1 for base access
[    0.172867] HugeTLB registered 2.00 MiB page size, pre-allocated 0 pages
[    0.172931] ACPI: Added _OSI(Module Device)
[    0.172931] ACPI: Added _OSI(Processor Device)
[    0.176009] ACPI: Added _OSI(3.0 _SCP Extensions)
[    0.176658] ACPI: Added _OSI(Processor Aggregator Device)
[    0.177376] ACPI: Added _OSI(Linux-Dell-Video)
[    0.177994] ACPI: Added _OSI(Linux-Lenovo-NV-HDMI-Audio)
[    0.178709] ACPI: Added _OSI(Linux-HPI-Hybrid-Graphics)
[    0.179645] ACPI: Executed 1 blocks of module-level executable AML code
[    0.182771] ACPI: Interpreter enabled
[    0.183304] ACPI: (supports S0 S5)
[    0.188011] ACPI: Using IOAPIC for interrupt routing
[    0.192245] PCI: Using host bridge windows from ACPI; if necessary, use "pci=nocrs" and report a bug
[    0.196182] ACPI: Enabled 2 GPEs in block 00 to 07
[    0.206400] ACPI: PCI Root Bridge [PCI0] (domain 0000 [bus 00-ff])
[    0.208016] acpi PNP0A03:00: _OSC: OS supports [ASPM ClockPM Segments MSI]
[    0.208945] acpi PNP0A03:00: _OSC: not requesting OS control; OS requires [ExtendedConfig ASPM ClockPM MSI]
[    0.210220] acpi PNP0A03:00: fail to add MMCONFIG information, can't access extended PCI configuration space under this bridge.
[    0.212290] PCI host bridge to bus 0000:00
[    0.212873] pci_bus 0000:00: root bus resource [io  0x0000-0x0cf7 window]
[    0.213753] pci_bus 0000:00: root bus resource [io  0x0d00-0xffff window]
[    0.216003] pci_bus 0000:00: root bus resource [mem 0x000a0000-0x000bffff window]
[    0.217048] pci_bus 0000:00: root bus resource [mem 0xe0000000-0xfdffffff window]
[    0.218057] pci_bus 0000:00: root bus resource [bus 00-ff]
[    0.220711] pci 0000:00:01.1: legacy IDE quirk: reg 0x10: [io  0x01f0-0x01f7]
[    0.221651] pci 0000:00:01.1: legacy IDE quirk: reg 0x14: [io  0x03f6]
[    0.222506] pci 0000:00:01.1: legacy IDE quirk: reg 0x18: [io  0x0170-0x0177]
[    0.223434] pci 0000:00:01.1: legacy IDE quirk: reg 0x1c: [io  0x0376]
[    0.293306] pci 0000:00:07.0: quirk: [io  0x4000-0x403f] claimed by PIIX4 ACPI
[    0.296022] pci 0000:00:07.0: quirk: [io  0x4100-0x410f] claimed by PIIX4 SMB
[    0.325397] ACPI: PCI Interrupt Link [LNKA] (IRQs 5 9 10 *11)
[    0.328351] ACPI: PCI Interrupt Link [LNKB] (IRQs 5 9 *10 11)
[    0.329341] ACPI: PCI Interrupt Link [LNKC] (IRQs 5 *9 10 11)
[    0.330377] ACPI: PCI Interrupt Link [LNKD] (IRQs 5 9 10 *11)
[    0.332885] SCSI subsystem initialized
[    0.333612] pci 0000:00:02.0: vgaarb: setting as boot VGA device
[    0.336000] pci 0000:00:02.0: vgaarb: VGA device added: decodes=io+mem,owns=io+mem,locks=none
[    0.336008] pci 0000:00:02.0: vgaarb: bridge control possible
[    0.336885] vgaarb: loaded
[    0.340056] ACPI: bus type USB registered
[    0.340720] usbcore: registered new interface driver usbfs
[    0.341572] usbcore: registered new interface driver hub
[    0.342413] usbcore: registered new device driver usb
[    0.343254] EDAC MC: Ver: 3.0.0
[    0.344178] PCI: Using ACPI for IRQ routing
[    0.345951] NetLabel: Initializing
[    0.347374] NetLabel:  domain hash size = 128
[    0.348003] NetLabel:  protocols = UNLABELED CIPSOv4 CALIPSO
[    0.348881] NetLabel:  unlabeled traffic allowed by default
[    0.349750] clocksource: Switched to clocksource kvm-clock
[    0.359347] VFS: Disk quotas dquot_6.6.0
[    0.360046] VFS: Dquot-cache hash table entries: 512 (order 0, 4096 bytes)
[    0.361169] AppArmor: AppArmor Filesystem Enabled
[    0.361940] pnp: PnP ACPI init
[    0.363240] pnp: PnP ACPI: found 3 devices
[    0.371825] clocksource: acpi_pm: mask: 0xffffff max_cycles: 0xffffff, max_idle_ns: 2085701024 ns
[    0.373247] NET: Registered protocol family 2
[    0.374117] TCP established hash table entries: 65536 (order: 7, 524288 bytes)
[    0.375353] TCP bind hash table entries: 65536 (order: 8, 1048576 bytes)
[    0.377180] TCP: Hash tables configured (established 65536 bind 65536)
[    0.378223] UDP hash table entries: 4096 (order: 5, 131072 bytes)
[    0.379186] UDP-Lite hash table entries: 4096 (order: 5, 131072 bytes)
[    0.380203] NET: Registered protocol family 1
[    0.381040] pci 0000:00:00.0: Limiting direct PCI/PCI transfers
[    0.382075] pci 0000:00:01.0: Activating ISA MAanwoarounds
[   0355]ci00:002: deo devi wh adedOM at [mem 0x000c00x0dff][    1.406331] Unpacking initramfs...

[    1.708903] Freeing initrd memory: 19208K
[    1.781611] PCI-DMA: Using software bounce buffering for IO (SWIOTLB)
[    1.782579] software IO TLB: mapped [mem 0xdbff0000-0xdfff0000] (64MB)
[    1.783579] clocksource: tsc: mask: 0xffffffffffffffff max_cycles: 0x1e717485a72, max_idle_ns: 440795205496 ns
[    1.785069] platform rtc_cmos: registered platform RTC device (no PNP device found)
[    1.786249] Scanning for low memory corruption every 60 seconds
[    1.787796] Initialise system trusted keyrings
[    1.788604] Key type blacklist registered
[    1.789333] workingset: timestamp_bits=36 max_order=21 bucket_order=0
[    1.790977] zbud: loaded
[    1.791810] squashfs: version 4.0 (2009/01/31) Phillip Lougher
[    1.792767] fuse init (API version 7.26)
[    1.796068] Key type asymmetric registered
[    1.796666] Asymmetric key parser 'x509' registered
[    1.797398] Block layer SCSI generic (bsg) driver version 0.4 loaded (major 246)
[    1.803855] io scheduler noop registered
[    1.804432] io scheduler deadline registered
[    1.805051] io scheduler cfq registered (default)
[    1.805950] ACPI: AC Adapter [AC] (off-line)
[    1.807498] input: Power Button as /devices/LNXSYSTM:00/LNXPWRBN:00/input/input0
[    1.809948] ACPI: Power Button [PWRF]
[    1.810519] input: Sleep Button as /devices/LNXSYSTM:00/LNXSLPBN:00/input/input1
[    1.811540] ACPI: Sleep Button [SLPF]
[    1.812921] ACPI: Battery Slot [BAT0] (battery present)
[    1.813822] Serial: 8250/16550 driver, 32 ports, IRQ sharing enabled
[    1.836670] 00:02: ttyS0 at I/O 0x3f8 (irq = 4, base_baud = 115200) is a 16550A
[    1.942665] Linux agpgart interface v0.103
[    1.945852] loop: module loaded
[    1.946855] scsi host0: ata_piix
[    1.947414] scsi host1: ata_piix
[    1.947915] ata1: PATA max UDMA/33 cmd 0x1f0 ctl 0x3f6 bmdma 0xd000 irq 14
[    1.948963] ata2: PATA max UDMA/33 cmd 0x170 ctl 0x376 bmdma 0xd008 irq 15
[    1.950098] libphy: Fixed MDIO Bus: probed
[    1.950769] tun: Universal TUN/TAP device driver, 1.6
[    1.951672] PPP generic driver version 2.4.2
[    1.952427] ehci_hcd: USB 2.0 'Enhanced' Host Controller (EHCI) Driver
[    1.953285] ehci-pci: EHCI PCI platform driver
[    1.953911] ehci-platform: EHCI generic platform driver
[    1.954615] ohci_hcd: USB 1.1 'Open' Host Controller (OHCI) Driver
[    1.955422] ohci-pci: OHCI PCI platform driver
[    1.956031] ohci-platform: OHCI generic platform driver
[    1.956762] uhci_hcd: USB Universal Host Controller Interface driver
[    1.957635] i8042: PNP: PS/2 Controller [PNP0303:PS2K,PNP0f03:PS2M] at 0x60,0x64 irq 1,12
[    1.959159] serio: i8042 KBD port at 0x60,0x64 irq 1
[    1.959964] serio: i8042 AUX port at 0x60,0x64 irq 12
[    1.961023] mousedev: PS/2 mouse device common for all mice
[    1.962366] rtc_cmos rtc_cmos: rtc core: registered rtc_cmos as rtc0
[    1.963314] rtc_cmos rtc_cmos: alarms up to one day, 114 bytes nvram
[    1.964318] i2c /dev entries driver
[    1.964934] input: AT Translated Set 2 keyboard as /devices/platform/i8042/serio0/input/input2
[    1.966425] device-mapper: uevent: version 1.0.3
[    1.967204] device-mapper: ioctl: 4.37.0-ioctl (2017-09-20) initialised: dm-devel@redhat.com
[    1.968526] ledtrig-cpu: registered to indicate activity on CPUs
[    1.969688] NET: Registered protocol family 10
[    1.974285] Segment Routing with IPv6
[    1.974863] NET: Registered protocol family 17
[    1.975526] Key type dns_resolver registered
[    1.976254] mce: Using 0 MCE banks
[    1.976755] RAS: Correctable Errors collector initialized.
[    1.977495] sched_clock: Marking stable (1976209817, 0)->(3625251764, -1649041947)
[    1.978850] registered taskstats version 1
[    1.979479] Loading compiled-in X.509 certificates
[    1.982299] Loaded X.509 cert 'Build time autogenerated kernel key: b1772ce3e036cbf6bf2b7e9ed9be0f8806d61091'
[    1.983635] zswap: loaded using pool lzo/zbud
[    1.987217] Key type big_key registered
[    1.987782] Key type trusted registered
[    1.989588] Key type encrypted registered
[    1.990158] AppArmor: AppArmor sha1 policy hashing enabled
[    1.990885] ima: No TPM chip found, activating TPM-bypass! (rc=-19)
[    1.991703] ima: Allocated hash algorithm: sha1
[    1.992342] evm: HMAC attrs: 0x1
[    1.992979]   Magic number: 8:222:755
[    1.993518] tty ttyS6: hash matches
[    1.994101] rtc_cmos rtc_cmos: setting system clock to 2020-06-16 22:44:47 UTC (1592347487)
[    1.995263] BIOS EDD facility v0.16 2004-Jun-25, 0 devices found
[    1.996063] EDD information not available.
[    2.111078] Freeing unused kernel image memory: 2436K
[    3.250390] Write protecting the kernel read-only data: 20480k
[    3.283256] Freeing unused kernel image memory: 2008K
[    3.284282] Freeing unused kernel image memory: 1872K
[    3.292541] x86/mm: Checked W+X mappings: passed, no W+X pages found.
[    3.298777] x86/mm: Checking user space page tables
[    3.380910] x86/mm: Checked W+X mappings: passed, no W+X pages found.
Loading, please wait...
starting version 237
[    3.478017] e1000: Intel(R) PRO/1000 Network Driver - version 7.3.21-k8-NAPI
[    3.543520] e1000: Copyright (c) 1999-2006 Intel Corporation.
[    3.580402] Fusion MPT base driver 3.04.20
[    3.633632] Copyright (c) 1999-2008 LSI Corporation
[    3.636368] AVX2 version of gcm_enc/dec engaged.
[    3.637031] AES CTR mode by8 optimization enabled
[    3.640396] Fusion MPT SPI Host driver 3.04.20
[    3.788862] input: ImExPS/2 Generic Explorer Mouse as /devices/platform/i8042/serio1/input/input4
[    3.971519] e1000 0000:00:03.0 eth0: (PCI:33MHz:32-bit) 02:08:97:ad:f6:aa
[    4.223262] e1000 0000:00:03.0 eth0: Intel(R) PRO/1000 Network Connection
[    4.304455] e1000 0000:00:03.0 enp0s3: renamed from eth0
[    4.305434] mptbase: ioc0: Initiating bringup
[    4.652801] ioc0: LSI53C1030 A0: Capabilities={Initiator}
[    5.637205] scsi host2: ioc0: LSI53C1030 A0, FwRev=00000000h, Ports=1, MaxQ=256, IRQ=20
[    5.899688] scsi 2:0:0:0: Direct-Access     VBOX     HARDDISK         1.0  PQ: 0 ANSI: 5
[    6.532861] scsi target2:0:0: Beginning Domain Validation
[    6.664041] scsi target2:0:0: Domain Validation skipping write tests
[    6.994177] scsi target2:0:0: Ending Domain Validation
[    6.995019] scsi target2:0:0: asynchronous
[    6.996142] scsi 2:0:1:0: Direct-Access     VBOX     HARDDISK         1.0  PQ: 0 ANSI: 5
[    7.552811] scsi target2:0:1: Beginning Domain Validation
[    7.806854] random: fast init done
[    7.807651] scsi target2:0:1: Domain Validation skipping write tests
[    7.934152] scsi target2:0:1: Ending Domain Validation
[    8.644602] scsi target2:0:1: asynchronous
[    8.900381] random: systemd-udevd: uninitialized urandom read (16 bytes read)
[    8.901719] random: systemd-udevd: uninitialized urandom read (16 bytes read)
[    8.904015] random: systemd-udevd: uninitialized urandom read (16 bytes read)
[    8.904067] sd 2:0:0:0: Attached scsi generic sg0 type 0
[    8.906026] sd 2:0:0:0: [sda] 20971520 512-byte logical blocks: (10.7 GB/10.0 GiB)
[    8.907164] sd 2:0:0:0: [sda] Write Protect is off
[    8.907955] sd 2:0:0:0: [sda] Incomplete mode parameter data
[    8.908761] sd 2:0:0:0: [sda] Assuming drive cache: write through
[    8.909772] sd 2:0:1:0: [sdb] 20480 512-byte logical blocks: (10.5 MB/10.0 MiB)
[    8.910893] sd 2:0:1:0: Attached scsi generic sg1 type 0
[    8.911653] sd 2:0:1:0: [sdb] Write Protect is off
[    8.912571] sd 2:0:1:0: [sdb] Incomplete mode parameter data
[    8.913356] sd 2:0:1:0: [sdb] Assuming drive cache: write through
[    8.914910]  sda: sda1
[    8.917398] sd 2:0:0:0: [sda] Attached SCSI disk
[    8.918448] sd 2:0:1:0: [sdb] Attached SCSI disk
Begin: Loading essential drivers ... [   10.340045] raid6: sse2x1   gen()  9731 MB/s
[   10.396330] raid6: sse2x1   xor()  6820 MB/s
[   10.712594] raid6: sse2x2   gen() 16232 MB/s
[   10.928675] raid6: sse2x2   xor()  9430 MB/s
[   11.040850] raid6: sse2x4   gen() 14919 MB/s
[   11.088533] raid6: sse2x4   xor()  9400 MB/s
[   11.544710] raid6: avx2x1   gen() 23081 MB/s
[   11.984865] raid6: avx2x1   xor() 12941 MB/s
[   12.142605] raid6: avx2x2   gen() 27786 MB/s
[   12.602596] raid6: avx2x2   xor() 20905 MB/s
[   12.952622] raid6: avx2x4   gen() 32523 MB/s
[   13.152586] raid6: avx2x4   xor() 16424 MB/s
[   13.153287] raid6: using algorithm avx2x4 gen() 32523 MB/s
[   13.154086] raid6: .... xor() 16424 MB/s, rmw enabled
[   13.154831] raid6: using avx2x2 recovery algorithm
[   13.156925] xor: automatically using best checksumming function   avx       
[   13.159108] async_tx: api initialized (async)
done.
Begin: Running /scripts/init-premount ... done.
Begin: Mounting root file system ... Begin: Running /scripts/local-top ... done.
Begin: Running /scripts/local-premount ... [   13.202357] Btrfs loaded, crc32c=crc32c-intel
Scanning for Btrfs filesystems
done.
Warning: fsck not present, so skipping root file system
[   13.225598] EXT4-fs (sda1): mounted filesystem with ordered data mode. Opts: (null)
done.
Begin: Running /scripts/local-bottom ... done.
Begin: Running /scripts/init-bottom ... done.
[   13.398208] ip_tables: (C) 2000-2006 Netfilter Core Team
[   13.404980] systemd[1]: systemd 237 running in system mode. (+PAM +AUDIT +SELINUX +IMA +APPARMOR +SMACK +SYSVINIT +UTMP +LIBCRYPTSETUP +GCRYPT +GNUTLS +ACL +XZ +LZ4 +SECCOMP +BLKID +ELFUTILS +KMOD -IDN2 +IDN -PCRE2 default-hierarchy=hybrid)
[   13.408193] systemd[1]: Detected virtualization oracle.
[   13.409066] systemd[1]: Detected architecture x86-64.

Welcome to [1mUbuntu 18.04.4 LTS[0m!

[   13.448796] systemd[1]: Set hostname to <ubuntu>.
[   13.451863] systemd[1]: Initializing machine ID from random generator.
[   13.453093] systemd[1]: Installed transient /etc/machine-id file.
[   13.621958] systemd[1]: Reached target User and Group Name Lookups.
[[0;32m  OK  [0m] Reached target User and Group Name Lookups.
[   13.624841] systemd[1]: Created slice User and Session Slice.
[[0;32m  OK  [0m] Created slice User and Session Slice.
[   13.631545] systemd[1]: Set up automount Arbitrary Executable File Formats File System Automount Point.
[[0;32m  OK  [0m] Set up automount Arbitrary Executabâ€¦rmats File System Automount Point.
[   13.705500] systemd[1]: Created slice System Slice.
[[0;32m  OK  [0m] Created slice System Slice.
[[0;32m  OK  [0m] Listening on LVM2 metadata daemon socket.
[[0;32m  OK  [0m] Listening on /dev/initctl Compatibility Named Pipe.
[[0;32m  OK  [0m] Listening on Journal Audit Socket.
[[0;32m  OK  [0m] Listening on LVM2 poll daemon socket.
[[0;32m  OK  [0m] Reached target Swap.
[[0;32m  OK  [0m] Listening on Device-mapper event daemon FIFOs.
[[0;32m  OK  [0m] Started Forward Password Requests to Wall Directory Watch.
[[0;32m  OK  [0m] Reached target Slices.
[[0;32m  OK  [0m] Listening on udev Kernel Socket.
[[0;32m  OK  [0m] Created slice system-serial\x2dgetty.slice.
[[0;32m  OK  [0m] Listening on Journal Socket.
         Starting Set the console keyboard layout...
         Starting Create list of required stâ€¦ce nodes for the current kernel...
         Starting Monitoring of LVM2 mirrorsâ€¦ng dmeventd or progress polling...
         Mounting POSIX Message Queue File System...
         Mounting Kernel Debug File System...
         Mounting Huge Pages File System...
         Starting Load Kernel Modules...
         Starting Uncomplicated firewall...
[[0;32m  OK  [0m] Listening on udev Control Socket.
         Starting udev Coldplug all Devices...
[[0;32m  OK  [0m] Listening on Journal Socket (/dev/log).
[[0;32m  OK  [0m] Listening on Syslog Socket.
         Starting Journal Service...
         Starting Remount Root and Kernel File Systems...
[[0;32m  OK  [0m] Listening on Network Service Netlink Socket.
[[0;32m  OK  [0m] Reached target System Time Synchronized.
[[0;32m  OK  [0m] Started Create list of required staâ€¦vice nodes for the current kernel.
[[0;32m  OK  [0m] Started LVM2 metadata daemon.
         Starting Create Static Device Nodes in /dev...
[[0;32m  OK  [[   13.837993] Loading iSCSI transport class v2.0-870.
0m] Mounted POSIX Message Queue File System.
[[0;32m  OK  [0m] Mounted Kernel Debug File System.
[[0;32m  OK  [0m] Mounted Huge Pages File System.
[[0;32m  OK  [0m] Started Uncomplicated firewall.
[[0;32m  OK  [0m] Started udev Coldplug all Devices.
[[0;32m  OK  [0m] Started Journal Service.
[[0;32m  OK  [0m] Started Create Static Device Nodes in /dev.
[   14.002692] iscsi: registered transport (tcp)
[   14.017090] iscsi: registered transport (iser)
[[0;32m  OK  [0m] Started Load Kernel Modules.
         Mounting FUSE Control File System...
         Starting Apply Kernel Variables...
         Mounting Kernel Configuration File System...
[[0;32m  OK  [0m] Mounted FUSE Control File System.
[[0;32m  OK  [0m] Mounted Kernel Configuration File System.
[   14.033712] EXT4-fs (sda1): re-mounted. Opts: (null)
[[0;32m  OK  [0m] Started Remount Root and Kernel File Systems.
         Starting udev Kernel Device Manager...
         Starting Load/Save Random Seed...
         Starting Flush Journal to Persistent Storage...
[[0;32m  OK  [0m] Started Monitoring of LVM2 mirrors,â€¦sing dmeventd or progress polling.
[[0;32m  OK  [0m] Started Load/Save Random Seed.
[[0;32m  OK  [0m] Started Set the console keyboard layout.
[[0;32m  OK  [0m] Reached target Local File Systems (Pre).
[[0;32m  OK  [0m] Reached target Local File Systems.
         Starting Set console font and keymap...
         Starting Commit a transient machine-id on disk...
         Starting Tell Plymouth To Write Out Runtime Data...
         Starting AppArmor initialization...
         Starting ebtables ruleset management...
[[0;32m  OK  [0m] Started Apply Kernel Variables.
[[0;32m  OK  [0m] Started Set console font and keymap.
[[0;32m  OK  [0m] Started Tell Plymouth To Write Out Runtime Data.
[[0;32m  OK  [0m] Started udev Kernel Device Manager.
[[0;32m  OK  [0m] Started Dispatch Password Requests to Console Directory Watch.
[[0;32m  OK  [0m] Reached target Local Encrypted Volumes.
[[0;32m  OK  [0m] Started Flush Journal to Persistent Storage.
         Starting Create Volatile Files and Directories...
[[0;32m  OK  [0m] Started Commit a transient machine-id on disk.
[[0;32m  OK  [0m] Started Create Volatile Files and Directories.
         Starting Update UTMP about System Boot/Shutdown...
[[0;32m  OK  [0m] Started ebtables ruleset management.
[[0;32m  OK  [0m] Started Update UTMP about System Boot/Shutdown.
[[0;32m  OK  [0m] Found device /dev/ttyS0.
[[0;32m  OK  [0m] Listening on Load/Save RF Kill Switch Status /dev/rfkill Watch.
[[0;32m  OK  [0m] Started AppArmor initialization.
         Starting Initial cloud-init job (pre-networking)...
[   15.948332] cloud-init[539]: Cloud-init v. 19.4-33-gbb4131a2-0ubuntu1~18.04.1 running 'init-local' at Tue, 16 Jun 2020 22:45:01 +0000. Up 15.61 seconds.
[[0;32m  OK  [0m] Started Initial cloud-init job (pre-networking).
[[0;32m  OK  [0m] Reached target Network (Pre).
         Starting Network Service...
[[0;32m  OK  [0m] Started Network Service.
         Starting Wait for Network to be Configured...
         Starting Network Name Resolution...
[[0;32m  OK  [0m] Started Network Name Resolution.
[[0;32m  OK  [0m] Reached target Host and Network Name Lookups.
[[0;32m  OK  [0m] Reached target Network.
[[0;32m  OK  [0m] Started Wait for Network to be Configured.
         Starting Initial cloud-init job (metadata service crawler)...
[   17.674986] cloud-init[659]: Cloud-init v. 19.4-33-gbb4131a2-0ubuntu1~18.04.1 running 'init' at Tue, 16 Jun 2020 22:45:03 +0000. Up 17.53 seconds.
[   17.676748] cloud-init[659]: ci-info: +++++++++++++++++++++++++++++++++++++Net device info++++++++++++++++++++++++++++++++++++++
[   17.678150] cloud-init[659]: ci-info: +--------+------+---------------------------+---------------+--------+-------------------+
[   17.684296] cloud-init[659]: ci-info: | Device |  Up  |          Address          |      Mask     | Scope  |     Hw-Address    |
[   17.685679] cloud-init[659]: ci-info: +--------+------+---------------------------+---------------+--------+-------------------+
[   17.687037] cloud-init[659]: ci-info: | enp0s3 | True |         10.0.2.15         | 255.255.255.0 | global | 02:08:97:ad:f6:aa |
[   17.688420] cloud-init[659]: ci-info: | enp0s3 | True | fe80::8:97ff:fead:f6aa/64 |       .       |  link  | 02:08:97:ad:f6:aa |
[   17.689772] cloud-init[659]: ci-info: |   lo   | True |         127.0.0.1         |   255.0.0.0   |  host  |         .         |
[   17.698042] cloud-init[659]: ci-info: |   lo   | True |          ::1/128          |       .       |  host  |         .         |
[   17.699452] cloud-init[659]: ci-info: +--------+------+---------------------------+---------------+--------+-------------------+
[   17.700834] cloud-init[659]: ci-info: ++++++++++++++++++++++++++++Route IPv4 info+++++++++++++++++++++++++++++
[   17.702065] cloud-init[659]: ci-info: +-------+-------------+----------+-----------------+-----------+-------+
[   17.703075] cloud-init[659]: ci-info: | Route | Destination | Gateway  |     Genmask     | Interface | Flags |
[   17.709629] cloud-init[659]: ci-info: +-------+-------------+----------+-----------------+-----------+-------+
[   17.710734] cloud-init[659]: ci-info: |   0   |   0.0.0.0   | 10.0.2.2 |     0.0.0.0     |   enp0s3  |   UG  |
[   17.711841] cloud-init[659]: ci-info: |   1   |   10.0.2.0  | 0.0.0.0  |  255.255.255.0  |   enp0s3  |   U   |
[   17.712874] cloud-init[659]: ci-info: |   2   |   10.0.2.2  | 0.0.0.0  | 255.255.255.255 |   enp0s3  |   UH  |
[   17.713847] cloud-init[659]: ci-info: +-------+-------------+----------+-----------------+-----------+-------+
[   17.714803] cloud-init[659]: ci-info: +++++++++++++++++++Route IPv6 info+++++++++++++++++++
[   17.715600] cloud-init[659]: ci-info: +-------+-------------+---------+-----------+-------+
[   17.716402] cloud-init[659]: ci-info: | Route | Destination | Gateway | Interface | Flags |
[   17.719092] cloud-init[659]: ci-info: +-------+-------------+---------+-----------+-------+
[   17.723424] cloud-init[659]: ci-info: |   1   |  fe80::/64  |    ::   |   enp0s3  |   U   |
[   17.728512] cloud-init[659]: ci-info: |   3   |    local    |    ::   |   enp0s3  |   U   |
[   17.729793] cloud-init[659]: ci-info: |   4   |   ff00::/8  |    ::   |   enp0s3  |   U   |
[   17.733189] cloud-init[659]: ci-info: +-------+-------------+---------+-----------+-------+
[   18.314783] cloud-init[659]: Generating public/private rsa key pair.
[   18.316265] cloud-init[659]: Your identification has been saved in /etc/ssh/ssh_host_rsa_key.
[   18.317884] cloud-init[659]: Your public key has been saved in /etc/ssh/ssh_host_rsa_key.pub.
[   18.319503] cloud-init[659]: The key fingerprint is:
[   18.320691] cloud-init[659]: SHA256:01VvjWgafca1uYCRLqGmer8LMqY31n95QO+GJaLOFHY root@ubuntu-bionic
[   18.322314] cloud-init[659]: The key's randomart image is:
[   18.324301] cloud-init[659]: +---[RSA 2048]----+
[   18.325413] cloud-init[659]: |           .. . .|
[   18.328351] cloud-init[659]: |         . oo+ ++|
[   18.332425] cloud-init[659]: |        . +.=.=o+|
[   18.334500] cloud-init[659]: |       o + * o...|
[   18.335595] cloud-init[659]: |     ooES =    . |
[   18.336692] cloud-init[659]: |    ..o. + o     |
[   18.337783] cloud-init[659]: |   +oo. . B      |
[   18.338850] cloud-init[659]: |  o==+.  + +     |
[   18.339863] cloud-init[659]: | .o +oo=+ o      |
[   18.341692] cloud-init[659]: +----[SHA256]-----+
[   18.343539] cloud-init[659]: Generating public/private dsa key pair.
[   18.344680] cloud-init[659]: Your identification has been saved in /etc/ssh/ssh_host_dsa_key.
[   18.346162] cloud-init[659]: Your public key has been saved in /etc/ssh/ssh_host_dsa_key.pub.
[   18.349457] cloud-init[659]: The key fingerprint is:
[   18.350344] cloud-init[659]: SHA256:ySBofkZuQkI8Sh0bN+/R1vuIrHVhZHQ5bJF8Fh2jKbc root@ubuntu-bionic
[   18.351572] cloud-init[659]: The key's randomart image is:
[   18.352486] cloud-init[659]: +---[DSA 1024]----+
[   18.353298] cloud-init[659]: |...o.o     .oo+++|
[   18.354122] cloud-init[659]: |.+ o+ o . o .Booo|
[   18.354911] cloud-init[659]: |+ =.o .o o =.++  |
[   18.355709] cloud-init[659]: |.= o ..oo.o + .  |
[   18.356539] cloud-init[659]: |  o =  .S  + E   |
[   18.357347] cloud-init[659]: |   =    . o +    |
[   18.358196] cloud-init[659]: |         + o .   |
[   18.359008] cloud-init[659]: |        o .      |
[[0;32m  OK  [0m] Started Initial cloud-init job (metadata service crawler).
[   18.368930] cloud-init[[0;32m  OK  [0m] Reached target System Initialization.
[[0;32m  OK  [0m] Listening on UUID daemon activation socket.
[[0;32m  OK  [0m] Started Message of the Day.
[[0;32m  OK  [0m] Started Discard unused blocks once a week.
[[0;32m  OK  [0m] Listening on D-Bus System Message Bus Socket.
[[0;32m  OK  [0m] Started ACPI Events Check.
[[0;32m  OK  [0m] Reached target Paths.
[[0;32m  OK  [0m] Started Daily Cleanup of Temporary Directories.
[[0;32m  OK  [0m] Listening on ACPID Listen Socket.
         Starting Socket activation for snappy daemon.
[[0;32m  OK  [0m] Started Daily apt download activities.
[[0;32m  OK  [0m] Started Daily apt upgrade and clean activities.
[[0;32m  OK  [0m] Reached target Timers.
[659]: |       .         |         Starting LXD - unix socket.
[[0;32m  OK  [0m] Listening on Open-iSCSI iscsid Socket.
[[0;32m  OK  [0m] Reached target Network is Online.
         Starting Availability of block devices...
[[0;32m  OK  [0m] Reached target Remote File Systems (Pre).
[[0;32m  OK  [0m] Reached target Remote File Systems.
[[0;32m  OK  [0m] Reached target Cloud-config availability.
[[0;32m  OK  [0m] Listening on Socket activation for snappy daemon.

[   18.381008] cloud-init[659]: +----[SHA256]-----+
[   18.381554] cloud-init[659]: Generating public/private ecdsa key pair.
[   18.382291] cloud-init[659]: Your identification has been saved in /etc/ssh/ssh_host_ecdsa_key.
[   18.383172] cloud-init[659]: Your public key has been saved in /etc/ssh/ssh_host_ecdsa_key.pub.
[[0;32m  OK  [0m] Listening on LXD - unix socket.
[   18.388558] cloud-init[659]: The key fingerprint is:
[[0;32m  OK  [0m] Started Availability of block devices.
[   18.406970] [[0;32m  OK  [0m] Reached target Sockets.
[[0;32m  OK  [0m] Reached target Basic System.
cloud-init         Starting Permit User Sessions...
[659]:          Starting Virtualbox guest utils...
[[0;32m  OK  [0m] Started FUSE filesystem for LXC.
SHA256:Xpf5IQ0oL0WLo1R+7giGFoRPQasA01e3XG5x8JATWec root@ubuntu-bionic
         Starting Login Service...
         Starting System Logging Service...
[   18.462376] cloud-init[659]: The key's randomart image is:         Starting LSB: automatic crash report generation...

[[0;32m  OK  [0m] Started Deferred execution scheduler.
         Starting LSB: Record successful boot for GRUB...
[   18.504839] cloud-init[659]: +---[ECDSA 256]---+
[   18.513265] cloud-init[659]: |o. o+o. o B*o .  |
[[0;32m  OK  [0m] Started Regular background program processing daemon.
[   18.517878] cloud-init[659]: |..o.o. = *+B o   |
         Starting Dispatcher daemon for systemd-networkd...
[   18.527477] cloud-init[659]: |.  +o . B B.o E  |
[   18.537167]          Starting LXD - container startup/shutdown...
cloud-init[659]: | . ..+ . O   =   |
[   18.538804] cloud-init[659]: |  . o + S + = o  |
[   18.539880] cloud-init[659]: |   . . o = . o . |
[   18.541009] cloud-init[659]: |        o .   .  |
[   18.542063] cloud-init[659]: |                 |
[   18.544310] cloud-init[659]: |                 |
[   18.547235]          Starting Pollinate to seed the pseudo random number generator...
cloud-init[659]: +----[SHA256]-----+[[0;32m  OK  [0m] Started irqbalance daemon.
         Starting Accounts Service...
         Starting Snappy daemon...

[[0;32m  OK  [0m] Started D-Bus System Message Bus.
[   18.554494] cloud-init[659]: Generating public/private ed25519 key pair.
[   18.555742] cloud-init[659]: Your identification has been saved in /etc/ssh/ssh_host_ed25519_key.
[   18.559909] cloud-init[659]: Your public key has been saved in /etc/ssh/ssh_host_ed25519_key.pub.
[   18.572555] cloud-init[659]: The key fingerprint is:
[   18.583257] cloud-init[659]: SHA256:UxHioQZdoeB8isLVaBEzFf49AX1npCszkUf7Osa4J18 root@ubuntu-bionic
[   18.587771] cloud-init[659]: The key's randomart image is:
[   18.589078] cloud-init[659]: +--[ED25519 256]--+
[   18.590714] cloud-init[659]: |   ==+.o*.oo..   |
[   18.591828] cloud-init[659]: |   oBo.+.+oooo   |
[   18.593139] cloud-init[659]: |   +oo= .+o+o    |
[   18.594348] cloud-init[659]: |. o. +. ..+ o    |
[   18.595564] cloud-init[659]: |... .  .S* . .   |
[   18.596728] cloud-init[659]: | .       .B .    |
[   18.598102] cloud-init[659]: |         . = E   |
[   18.599455] cloud-init[659]: |         .o.o    |
[   18.601501] cloud-init[659]: |         .+.     |
[   18.620011] cloud-init[659]: +----[SHA256]-----+
[[0;32m  OK  [0m] Started Login Service.
[[0;32m  OK  [0m] Started Unattended Upgrades Shutdown.
[[0;32m  OK  [0m] Started System Logging Service.
[[0;32m  OK  [0m] Started Permit User Sessions.
         Starting Terminate Plymouth Boot Screen...
         Starting Hold until boot process finishes up...
[[0;32m  OK  [0m] Started Hold until boot process finishes up.
         Starting Set console scheme...
[[0;32m  OK  [0m] Started Serial Getty on ttyS0.
[[0;32m  OK  [0m] Started Terminate Plymouth Boot Screen.
[[0;32m  OK  [0m] Started LXD - container startup/shutdown.
[[0;32m  OK  [0m] Started Set console scheme.
[[0;32m  OK  [0m] Created slice system-getty.slice.
[[0;32m  OK  [0m] Started Getty on tty1.
[[0;32m  OK  [0m] Reached target Login Prompts.
         Starting Authorization Manager...
[[0;32m  OK  [0m] Started LSB: Record successful boot for GRUB.
[[0;32m  OK  [0m] Started LSB: automatic crash report generation.
[[0;32m  OK  [0m] Started Authorization Manager.
[[0;32m  OK  [0m] Started Accounts Service.
[[0;32m  OK  [0m] Started Virtualbox guest utils.
[[0;32m  OK  [0m] Started Dispatcher daemon for systemd-networkd.
[[0;32m  OK  [0m] Started Snappy daemon.
         Starting Wait until snapd is fully seeded...
[[0;32m  OK  [0m] Started Pollinate to seed the pseudo random number generator.
         Starting OpenBSD Secure Shell server...
[[0;32m  OK  [0m] Started OpenBSD Secure Shell server.
[[0;32m  OK  [0m] Created slice User Slice of vagrant.
         Starting User Manager for UID 1000...
[[0;32m  OK  [0m] Started Session 1 of user vagrant.
[[0;32m  OK  [0m] Started User Manager for UID 1000.
[[0;32m  OK  [0m] Started Wait until snapd is fully seeded.
[[0;32m  OK  [0m] Reached target Multi-User System.
[[0;32m  OK  [0m] Reached target Graphical Interface.
         Starting Update UTMP about System Runlevel Changes...
         Starting Apply the settings specified in cloud-config...
[[0;32m  OK  [0m] Started Update UTMP about System Runlevel Changes.
[   21.668602] cloud-init[1238]: Cloud-init v. 19.4-33-gbb4131a2-0ubuntu1~18.04.1 running 'modules:config' at Tue, 16 Jun 2020 22:45:06 +0000. Up 21.29 seconds.
[[0;32m  OK  [0m] Started Apply the settings specified in cloud-config.
         Starting Execute cloud user/final scripts...
ci-info: no authorized SSH keys fingerprints found for user ubuntu.
<14>Jun 16 22:45:07 ec2: 
<14>Jun 16 22:45:07 ec2: #############################################################
<14>Jun 16 22:45:07 ec2: -----BEGIN SSH HOST KEY FINGERPRINTS-----
<14>Jun 16 22:45:07 ec2: 1024 SHA256:ySBofkZuQkI8Sh0bN+/R1vuIrHVhZHQ5bJF8Fh2jKbc root@ubuntu-bionic (DSA)
<14>Jun 16 22:45:07 ec2: 256 SHA256:Xpf5IQ0oL0WLo1R+7giGFoRPQasA01e3XG5x8JATWec root@ubuntu-bionic (ECDSA)
<14>Jun 16 22:45:07 ec2: 256 SHA256:UxHioQZdoeB8isLVaBEzFf49AX1npCszkUf7Osa4J18 root@ubuntu-bionic (ED25519)
<14>Jun 16 22:45:07 ec2: 2048 SHA256:01VvjWgafca1uYCRLqGmer8LMqY31n95QO+GJaLOFHY root@ubuntu-bionic (RSA)
<14>Jun 16 22:45:07 ec2: -----END SSH HOST KEY FINGERPRINTS-----
<14>Jun 16 22:45:07 ec2: #############################################################
-----BEGIN SSH HOST KEY KEYS-----
ecdsa-sha2-nistp256 AAAAE2VjZHNhLXNoYTItbmlzdHAyNTYAAAAIbmlzdHAyNTYAAABBBFOYO/cQubJ4uNhFRprx8QhSsY+GAu3awdejH4A7oe4wwXnoupzYkG31UYaJEsgVx2DJq9zvA5wxFGkkBvJzCiA= root@ubuntu-bionic
ssh-ed25519 AAAAC3NzaC1lZDI1NTE5AAAAIPH5FurlyywoIsC4IFO8UqaJLrx/aq2OGSlGmDPU10S/ root@ubuntu-bionic
ssh-rsa AAAAB3NzaC1yc2EAAAADAQABAAABAQCvYBZj0YxS9vDpiW64DwUTRtk5Gs/Yxypaqp37585wBB4HoESVTmFjDppqQV88GI/yZfpy1/lI6wf2i+M+SWvqk0bxj1Bm0+ftI2YKWzxScP6ReX9SmIOh/pa+CifoK8B6A5nFTh7tLAvoYOnOnWWGFIIM7qt7sOQ2ahyxSVp+5Z53+eWUhRMyGgf5ju8vmh/L9YCcT6xPoO+uVxC3HN5Qm7NSa3t1KS5kYvEoZpR/+I0fzdgAaFbPvp2LjtNZuK4djJsaw5uK5SZU++Om8VFeGyMIrBkmYtbIuFqRugx7z2yqdqJ+KQUXsf9bspjxL1Vb+xcP4BnPLFCzEL8jdiel root@ubuntu-bionic
-----END SSH HOST KEY KEYS-----
[   22.280108] cloud-init[1348]: Cloud-init v. 19.4-33-gbb4131a2-0ubuntu1~18.04.1 running 'modules:final' at Tue, 16 Jun 2020 22:45:07 +0000. Up 22.05 seconds.
[   22.284582] cloud-init[1348]: ci-info: no authorized SSH keys fingerprints found for user ubuntu.
[   22.285483] cloud-init[1348]: Cloud-init v. 19.4-33-gbb4131a2-0ubuntu1~18.04.1 finished at Tue, 16 Jun 2020 22:45:07 +0000. Datasource DataSourceNoCloud [seed=/dev/sdb][dsmode=net].  Up 22.27 seconds
[[0;32m  OK  [0m] Started Execute cloud user/final scripts.
[[0;32m  OK  [0m] Reached target Cloud-init target.

Ubuntu 18.04.4 LTS ubuntu-bionic ttyS0

ubuntu-bionic login: 